../Core/Src/main.c:66:6:LED_Task	16	static
../Core/Src/main.c:92:6:LED_Task_1	8	static
../Core/Src/main.c:104:6:LED_Task_2	8	static
../Core/Src/main.c:115:6:ButtonTask_App	16	static,ignoring_inline_asm
../Core/Src/main.c:139:6:LEDTask_App	16	static
../Core/Src/main.c:181:5:main	16	static
../Core/Src/main.c:237:6:SystemClock_Config	88	static
../Core/Src/main.c:282:13:MX_GPIO_Init	56	static
../Core/Src/main.c:427:6:HAL_TIM_PeriodElapsedCallback	16	static
../Core/Src/main.c:444:6:Error_Handler	4	static,ignoring_inline_asm
